###############################################################################
#
# IAR ELF Linker V9.10.2.313/W64 for ARM                  11/Jan/2022  04:21:48
# Copyright 2007-2021 IAR Systems AB.
#
#    Output file  =
#        C:\Users\Salma\Documents\Project_Embedded\Debug\Exe\Project_Embedded.out
#    Map file     =
#        C:\Users\Salma\Documents\Project_Embedded\Debug\List\Project_Embedded.map
#    Command line =
#        -f
#        C:\Users\Salma\Documents\Project_Embedded\Debug\Exe\Project_Embedded.out.rsp
#        (C:\Users\Salma\Documents\Project_Embedded\Debug\Obj\GPIOInit.o
#        C:\Users\Salma\Documents\Project_Embedded\Debug\Obj\InterruptHandler.o
#        C:\Users\Salma\Documents\Project_Embedded\Debug\Obj\main.o
#        C:\Users\Salma\Documents\Project_Embedded\Debug\Obj\startup_ewarm.o
#        C:\Users\Salma\Documents\Project_Embedded\Debug\Obj\Timers.o
#        --no_out_extension -o
#        C:\Users\Salma\Documents\Project_Embedded\Debug\Exe\Project_Embedded.out
#        --redirect _Printf=_PrintfFullNoMb --redirect _Scanf=_ScanfFullNoMb
#        --map
#        C:\Users\Salma\Documents\Project_Embedded\Debug\List\Project_Embedded.map
#        --config "C:\Program Files\IAR Systems\Embedded Workbench
#        9.0\arm\config\linker\TexasInstruments\TM4C123GH6.icf" --semihosting
#        C:\ti\TivaWare_C_Series-2.2.0.295\driverlib\ewarm\Exe\driverlib.a
#        --entry __iar_program_start --vfe --text_out locale)
#
###############################################################################

*******************************************************************************
*** MESSAGES
***

Warning[Lt009]: Inconsistent wchar_t size
            gpio.o(driverlib.a) and 4 other objects in driverlib.a have wchar_t
                      size 16 bits
            GPIOInit.o and 17 other objects, some of them in dl7M_tln.a and 11
                      other libraries have wchar_t size 32 bits


*******************************************************************************
*** RUNTIME MODEL ATTRIBUTES
***

CppFlavor       = *
__SystemLibrary = DLib
__dlib_version  = 6


*******************************************************************************
*** HEAP SELECTION
***

The basic heap was selected because some modules are built with
size limitations (and not runtime checking), and --advanced_heap
was not specified.


*******************************************************************************
*** PLACEMENT SUMMARY
***

"A0":  place at address 0x0 { ro section .intvec };
"P1":  place in [from 0x0 to 0x3'ffff] { ro };
define block CSTACK with size = 4K, alignment = 8 { };
define block HEAP with size = 8K, alignment = 8 { };
"P2":  place in [from 0x2000'0000 to 0x2000'7fff] {
          rw, block CSTACK, block HEAP };
do not initialize { rw section .noinit };

  Section          Kind         Address   Size  Object
  -------          ----         -------   ----  ------
"A0":                                    0x200
  .intvec          const            0x0  0x200  startup_ewarm.o [1]
                                - 0x200  0x200

"P1":                                    0xb5c
  .text            ro code        0x200  0x534  InterruptHandler.o [1]
  .text            ro code        0x734  0x204  gpio.o [3]
  .text            ro code        0x938  0x108  Timers.o [1]
  .text            ro code        0xa40   0x44  sysctl.o [3]
  .text            ro code        0xa84   0xb2  timer.o [3]
  .text            ro code        0xb38   0xec  GPIOInit.o [1]
  .text            ro code        0xc24   0x38  zero_init3.o [5]
  .text            ro code        0xc5c   0x28  data_init.o [5]
  .text            ro code        0xc84   0x22  fpinit_M.o [4]
  .iar.init_table  const          0xca8   0x10  - Linker created -
  .text            ro code        0xcb8   0x1e  main.o [1]
  .text            ro code        0xcd8   0x1e  startup_ewarm.o [1]
  .text            ro code        0xcf8   0x1c  cstartup_M.o [5]
  .text            ro code        0xd14   0x1e  cmain.o [5]
  .text            ro code        0xd32    0x4  low_level_init.o [2]
  .text            ro code        0xd36    0x4  exit.o [2]
  .text            ro code        0xd3c    0xa  cexit.o [5]
  .text            ro code        0xd48   0x14  exit.o [6]
  .rodata          const          0xd5c    0x0  zero_init3.o [5]
                                - 0xd5c  0xb5c

"P2", part 1 of 2:                         0x4
  .bss             zero     0x2000'0000    0x4  InterruptHandler.o [1]
                          - 0x2000'0004    0x4

"P2", part 2 of 2:                       0x200
  .noinit          uninit   0x2000'0004  0x200  startup_ewarm.o [1]
                          - 0x2000'0204  0x200

Unused ranges:

         From           To      Size
         ----           --      ----
        0xd5c     0x3'ffff  0x3'f2a4
  0x2000'0204  0x2000'7fff    0x7dfc


*******************************************************************************
*** INIT TABLE
***

          Address      Size
          -------      ----
Zero (__iar_zero_init3)
    1 destination range, total size 0x4:
          0x2000'0000   0x4



*******************************************************************************
*** MODULE SUMMARY
***

    Module              ro code  ro data  rw data
    ------              -------  -------  -------
command line/config:
    ---------------------------------------------
    Total:

C:\Users\Salma\Documents\Project_Embedded\Debug\Obj: [1]
    GPIOInit.o              236
    InterruptHandler.o    1'332                 4
    Timers.o                264
    main.o                   30
    startup_ewarm.o          30      512      512
    ---------------------------------------------
    Total:                1'892      512      516

dl7M_tln.a: [2]
    exit.o                    4
    low_level_init.o          4
    ---------------------------------------------
    Total:                    8

driverlib.a: [3]
    gpio.o                  516
    sysctl.o                 68
    timer.o                 178
    ---------------------------------------------
    Total:                  762

m7M_tls.a: [4]
    fpinit_M.o               34
    ---------------------------------------------
    Total:                   34

rt7M_tl.a: [5]
    cexit.o                  10
    cmain.o                  30
    cstartup_M.o             28
    data_init.o              40
    zero_init3.o             56
    ---------------------------------------------
    Total:                  164

shb_l.a: [6]
    exit.o                   20
    ---------------------------------------------
    Total:                   20

    Gaps                     10        2
    Linker created                    16
-------------------------------------------------
    Grand Total:          2'890      530      516


*******************************************************************************
*** ENTRY LIST
***

Entry                       Address   Size  Type      Object
-----                       -------   ----  ----      ------
.iar.init_table$$Base         0xca8          --   Gb  - Linker created -
.iar.init_table$$Limit        0xcb8          --   Gb  - Linker created -
?main                         0xd15         Code  Gb  cmain.o [5]
FaultISR                      0xcf3    0x2  Code  Lc  startup_ewarm.o [1]
GPIODirModeSet                0x735   0x28  Code  Gb  gpio.o [3]
GPIOIntClear                  0x8d7    0x6  Code  Gb  gpio.o [3]
GPIOIntEnable                 0x8d1    0x6  Code  Gb  gpio.o [3]
GPIOPadConfigSet              0x75d  0x174  Code  Gb  gpio.o [3]
GPIOPinRead                   0x8dd    0x6  Code  Gb  gpio.o [3]
GPIOPinTypeGPIOInput          0x8ed   0x14  Code  Gb  gpio.o [3]
GPIOPinTypeGPIOOutput         0x901    0xa  Code  Gb  gpio.o [3]
GPIOPinWrite                  0x8e3    0x6  Code  Gb  gpio.o [3]
IntDefaultHandler             0xcf5    0x2  Code  Lc  startup_ewarm.o [1]
NmiSR                         0xcf1    0x2  Code  Lc  startup_ewarm.o [1]
PedestrianHandler             0x685   0x9a  Code  Gb  InterruptHandler.o [1]
PortCInit                     0xb63   0x2a  Code  Gb  GPIOInit.o [1]
PortEInit                     0xb39   0x2a  Code  Gb  GPIOInit.o [1]
PortFInit                     0xb8d   0x5a  Code  Gb  GPIOInit.o [1]
Region$$Table$$Base           0xca8          --   Gb  - Linker created -
Region$$Table$$Limit          0xcb8          --   Gb  - Linker created -
ResetISR                      0xcd9   0x14  Code  Gb  startup_ewarm.o [1]
SysCtlPeripheralEnable        0xa61    0x8  Code  Gb  sysctl.o [3]
SysCtlPeripheralReady         0xa41    0x8  Code  Gb  sysctl.o [3]
TimerConfigure                0xa9d   0x52  Code  Gb  timer.o [3]
TimerControlStall             0xb01   0x18  Code  Gb  timer.o [3]
TimerDisable                  0xa91    0xc  Code  Gb  timer.o [3]
TimerEnable                   0xa85    0xc  Code  Gb  timer.o [3]
TimerLoadSet                  0xb19   0x10  Code  Gb  timer.o [3]
TrafficDelayHandler           0x201  0x21c  Code  Gb  InterruptHandler.o [1]
__cmain                       0xd15         Code  Gb  cmain.o [5]
__exit                        0xd49   0x14  Code  Gb  exit.o [6]
__iar_data_init3              0xc5d   0x28  Code  Gb  data_init.o [5]
__iar_init_vfp                0xc85         Code  Gb  fpinit_M.o [4]
__iar_program_start           0xcf9         Code  Gb  cstartup_M.o [5]
__iar_zero_init3              0xc25   0x38  Code  Gb  zero_init3.o [5]
__low_level_init              0xd33    0x4  Code  Gb  low_level_init.o [2]
__vector_table                  0x0  0x200  Data  Gb  startup_ewarm.o [1]
_call_main                    0xd21         Code  Gb  cmain.o [5]
_exit                         0xd3d         Code  Gb  cexit.o [5]
count                   0x2000'0000    0x4  Data  Gb  InterruptHandler.o [1]
exit                          0xd37    0x4  Code  Gb  exit.o [2]
main                          0xcb9   0x1e  Code  Gb  main.o [1]
pedestrian_EW_Actions         0x551  0x134  Code  Gb  InterruptHandler.o [1]
pedestrian_NS_Actions         0x41d  0x134  Code  Gb  InterruptHandler.o [1]
pui32Stack              0x2000'0004  0x200  Data  Lc  startup_ewarm.o [1]
timer0A_delay1000MS           0x9e9   0x2c  Code  Gb  Timers.o [1]
timer0_init                   0x99d   0x4c  Code  Gb  Timers.o [1]
timer1A_delay1000MS           0x971   0x2c  Code  Gb  Timers.o [1]
timer1_init                   0x939   0x38  Code  Gb  Timers.o [1]


[1] = C:\Users\Salma\Documents\Project_Embedded\Debug\Obj
[2] = dl7M_tln.a
[3] = driverlib.a
[4] = m7M_tls.a
[5] = rt7M_tl.a
[6] = shb_l.a

  2'890 bytes of readonly  code memory
    530 bytes of readonly  data memory
    516 bytes of readwrite data memory

Errors: none
Warnings: 1
